2026/03/11 00:46:53.262824 main.go:28:  All services are running.
2026/03/11 00:46:53.264986 main.go:18: Starting API on :8088...
2026/03/11 00:46:53.264986 main.go:24: Starting Scraper on :8080...
2026/03/11 00:46:53.493894 get.go:56: API Server running on http://localhost:8088
2026/03/11 00:46:53.821505 scr.go:30: Search API listening on http://localhost:8070/search
2026/03/11 22:46:28.028153 main.go:18: Starting API on :8088...
2026/03/11 22:46:28.028153 main.go:24: Starting Scraper on :8080...
2026/03/11 22:46:28.027560 main.go:28:  All services are running.
2026/03/11 22:46:28.187184 get.go:60: API Server running on http://localhost:8088
2026/03/11 22:46:28.188858 get.go:62: listen tcp :8088: bind: Only one usage of each socket address (protocol/network address/port) is normally permitted.
2026/03/12 19:02:48.729501 main.go:28:  All services are running.
2026/03/12 19:02:48.731434 main.go:24: Starting Scraper on :8080...
2026/03/12 19:02:48.730224 main.go:18: Starting API on :8088...
2026/03/12 19:02:48.901209 get.go:60: API Server running on http://localhost:8088
2026/03/12 19:02:48.908381 get.go:62: listen tcp :8088: bind: Only one usage of each socket address (protocol/network address/port) is normally permitted.
2026/03/12 19:03:36.601328 main.go:28:  All services are running.
2026/03/12 19:03:36.601328 main.go:18: Starting API on :8088...
2026/03/12 19:03:36.601328 main.go:24: Starting Scraper on :8080...
2026/03/12 19:03:36.775559 get.go:60: API Server running on http://localhost:8088
2026/03/12 19:03:36.778351 get.go:62: listen tcp :8088: bind: Only one usage of each socket address (protocol/network address/port) is normally permitted.
2026/03/12 19:37:00.658658 main.go:18: Starting API on :8088...
2026/03/12 19:37:00.658658 main.go:24: Starting Scraper on :8080...
2026/03/12 19:37:00.658658 main.go:28:  All services are running.
2026/03/12 19:37:00.805313 get.go:60: API Server running on http://localhost:8088
2026/03/12 19:37:01.702616 scr.go:30: Search API listening on http://localhost:8070/search
2026/03/13 12:29:27.330279 db.go:34: database not reachable: failed to connect to `user=postgres database=JobDB`: hostname resolving error: lookup db: no such host
2026/03/13 12:40:57.339526 db.go:34: database not reachable: failed to connect to `user=postgres database=JobDB`: hostname resolving error: lookup db: no such host
2026/03/13 13:21:22.619106 db.go:34: database not reachable: failed to connect to `user=postgres database=JobDB`: hostname resolving error: lookup db: no such host
