#
# There is insufficient memory for the Java Runtime Environment to continue.
# Native memory allocation (malloc) failed to allocate 266656 bytes. Error detail: Chunk::new
# Possible reasons:
#   The system is out of physical RAM or swap space
#   This process is running with CompressedOops enabled, and the Java Heap may be blocking the growth of the native heap
# Possible solutions:
#   Reduce memory load on the system
#   Increase physical memory or swap space
#   Check if swap backing store is full
#   Decrease Java heap size (-Xmx/-Xms)
#   Decrease number of Java threads
#   Decrease Java thread stack sizes (-Xss)
#   Set larger code cache with -XX:ReservedCodeCacheSize=
#   JVM is running with Unscaled Compressed Oops mode in which the Java heap is
#     placed in the first 4GB address space. The Java Heap base address is the
#     maximum limit for the native heap growth. Please use -XX:HeapBaseMinAddress
#     to set the Java Heap base and to place the Java Heap above 4GB virtual address.
# This output file may be truncated or incomplete.
#
#  Out of Memory Error (arena.cpp:168), pid=3844, tid=736
#
# JRE version: OpenJDK Runtime Environment JBR-21.0.8+1-1038.73-jcef (21.0.8+1) (build 21.0.8+1-b1038.73)
# Java VM: OpenJDK 64-Bit Server VM JBR-21.0.8+1-1038.73-jcef (21.0.8+1-b1038.73, mixed mode, sharing, tiered, compressed oops, compressed class ptrs, g1 gc, windows-amd64)
# No core dump will be written. Minidumps are not enabled by default on client versions of Windows
#

---------------  S U M M A R Y ------------

Command Line: -Djava.rmi.server.hostname=127.0.0.1 -Duser.timezone=UTC -Xmx2048m -Xms128m -Djdbc.classpath=C:\Users\aniar\AppData\Local\Temp\RemoteDriver2.classpath.txt --add-exports=java.desktop/sun.awt=ALL-UNNAMED --add-exports=java.desktop/java.awt.peer=ALL-UNNAMED --add-opens=java.desktop/java.awt=ALL-UNNAMED --add-opens=jdk.unsupported/sun.misc=ALL-UNNAMED --add-opens=java.base/java.nio=ALL-UNNAMED --add-opens=java.base/java.util=ALL-UNNAMED -Dfile.encoding=UTF-8 -Dsun.stdout.encoding=UTF-8 -Dsun.stderr.encoding=UTF-8 com.intellij.database.remote.RemoteJdbcServer org.postgresql.Driver

Host: Intel(R) Core(TM) i3-1005G1 CPU @ 1.20GHz, 4 cores, 7G,  Windows 11 , 64 bit Build 26100 (10.0.26100.7920)
Time: Tue Apr 21 22:48:40 2026 elapsed time: 2238.395848 seconds (0d 0h 37m 18s)

---------------  T H R E A D  ---------------

Current thread (0x00000224e81a80a0):  JavaThread "C2 CompilerThread0" daemon [_thread_in_native, id=736, stack(0x0000004d6b700000,0x0000004d6b800000) (1024K)]


Current CompileTask:
C2:2238396 3147       4       java.io.ObjectStreamClass::getReflector (100 bytes)

Stack: [0x0000004d6b700000,0x0000004d6b800000]
Native frames: (J=compiled Java code, j=interpreted, Vv=VM code, C=native code)
V  [jvm.dll+0x6ebeb9]
V  [jvm.dll+0x8cbec3]
V  [jvm.dll+0x8ce47e]
V  [jvm.dll+0x8ceb63]
V  [jvm.dll+0x28adf6]
V  [jvm.dll+0xc6f3d]
V  [jvm.dll+0xc7473]
V  [jvm.dll+0x301d10]
V  [jvm.dll+0x611aa9]
V  [jvm.dll+0x25aea2]
V  [jvm.dll+0x25374a]
V  [jvm.dll+0x25125e]
V  [jvm.dll+0x1ceb64]
V  [jvm.dll+0x260bfe]
V  [jvm.dll+0x25f146]
V  [jvm.dll+0x402ee6]
V  [jvm.dll+0x873a78]
V  [jvm.dll+0x6ea63d]
C  [ucrtbase.dll+0x37b0]
C  [KERNEL32.DLL+0x2e8d7]
C  [ntdll.dll+0x8c48c]


---------------  P R O C E S S  ---------------

Threads class SMR info:
_java_thread_list=0x00000224e89461b0, length=19, elements={
0x00000224cde92020, 0x00000224e802a3b0, 0x00000224e802eae0, 0x00000224e8035760,
0x00000224e8038130, 0x00000224e8038cc0, 0x00000224e803a720, 0x00000224e8042ac0,
0x00000224e81a80a0, 0x00000224e81a8b40, 0x00000224e82f8e30, 0x00000224e84de530,
0x00000224e86bef80, 0x00000224e849ea50, 0x00000224e84dcf10, 0x00000224e87e49c0,
0x00000224e8ba7bd0, 0x00000224e85bd950, 0x00000224e85bd2c0
}

Java Threads: ( => current thread )
  0x00000224cde92020 JavaThread "main"                              [_thread_blocked, id=15688, stack(0x0000004d6a800000,0x0000004d6a900000) (1024K)]
  0x00000224e802a3b0 JavaThread "Common-Cleaner"             daemon [_thread_blocked, id=2444, stack(0x0000004d6b000000,0x0000004d6b100000) (1024K)]
  0x00000224e802eae0 JavaThread "Reference Handler"          daemon [_thread_blocked, id=12584, stack(0x0000004d6b100000,0x0000004d6b200000) (1024K)]
  0x00000224e8035760 JavaThread "Finalizer"                  daemon [_thread_blocked, id=18792, stack(0x0000004d6b200000,0x0000004d6b300000) (1024K)]
  0x00000224e8038130 JavaThread "Signal Dispatcher"          daemon [_thread_blocked, id=2792, stack(0x0000004d6b300000,0x0000004d6b400000) (1024K)]
  0x00000224e8038cc0 JavaThread "Attach Listener"            daemon [_thread_blocked, id=18852, stack(0x0000004d6b400000,0x0000004d6b500000) (1024K)]
  0x00000224e803a720 JavaThread "Service Thread"             daemon [_thread_blocked, id=18940, stack(0x0000004d6b500000,0x0000004d6b600000) (1024K)]
  0x00000224e8042ac0 JavaThread "Monitor Deflation Thread"   daemon [_thread_blocked, id=4780, stack(0x0000004d6b600000,0x0000004d6b700000) (1024K)]
=>0x00000224e81a80a0 JavaThread "C2 CompilerThread0"         daemon [_thread_in_native, id=736, stack(0x0000004d6b700000,0x0000004d6b800000) (1024K)]
  0x00000224e81a8b40 JavaThread "C1 CompilerThread0"         daemon [_thread_blocked, id=5568, stack(0x0000004d6b800000,0x0000004d6b900000) (1024K)]
  0x00000224e82f8e30 JavaThread "Notification Thread"        daemon [_thread_blocked, id=14264, stack(0x0000004d6b900000,0x0000004d6ba00000) (1024K)]
  0x00000224e84de530 JavaThread "RMI TCP Accept-12303"       daemon [_thread_in_native, id=18568, stack(0x0000004d6ba00000,0x0000004d6bb00000) (1024K)]
  0x00000224e86bef80 JavaThread "RMI TCP Accept-0"           daemon [_thread_in_native, id=13788, stack(0x0000004d6be00000,0x0000004d6bf00000) (1024K)]
  0x00000224e849ea50 JavaThread "RMI Reaper"                        [_thread_blocked, id=18260, stack(0x0000004d6bf00000,0x0000004d6c000000) (1024K)]
  0x00000224e84dcf10 JavaThread "RMI GC Daemon"              daemon [_thread_blocked, id=3312, stack(0x0000004d6c000000,0x0000004d6c100000) (1024K)]
  0x00000224e87e49c0 JavaThread "RMI TCP Connection(2)-127.0.0.1" daemon [_thread_in_native, id=7756, stack(0x0000004d6c100000,0x0000004d6c200000) (1024K)]
  0x00000224e8ba7bd0 JavaThread "RMI Scheduler(0)"           daemon [_thread_blocked, id=17488, stack(0x0000004d6c300000,0x0000004d6c400000) (1024K)]
  0x00000224e85bd950 JavaThread "RMI RenewClean-[127.0.0.1:58350]" daemon [_thread_blocked, id=10232, stack(0x0000004d6c600000,0x0000004d6c700000) (1024K)]
  0x00000224e85bd2c0 JavaThread "RMI TCP Connection(6)-127.0.0.1" daemon [_thread_in_native, id=17928, stack(0x0000004d6c200000,0x0000004d6c300000) (1024K)]
Total: 19

Other Threads:
  0x00000224e8009080 VMThread "VM Thread"                           [id=1896, stack(0x0000004d6af00000,0x0000004d6b000000) (1024K)]
  0x00000224e7ff87b0 WatcherThread "VM Periodic Task Thread"        [id=15004, stack(0x0000004d6ae00000,0x0000004d6af00000) (1024K)]
  0x00000224d0333d30 WorkerThread "GC Thread#0"                     [id=12444, stack(0x0000004d6a900000,0x0000004d6aa00000) (1024K)]
  0x00000224e849f5d0 WorkerThread "GC Thread#1"                     [id=18124, stack(0x0000004d6bb00000,0x0000004d6bc00000) (1024K)]
  0x00000224e87bcec0 WorkerThread "GC Thread#2"                     [id=14352, stack(0x0000004d6bc00000,0x0000004d6bd00000) (1024K)]
  0x00000224e849c430 WorkerThread "GC Thread#3"                     [id=16524, stack(0x0000004d6bd00000,0x0000004d6be00000) (1024K)]
  0x00000224d0345aa0 ConcurrentGCThread "G1 Main Marker"            [id=2808, stack(0x0000004d6aa00000,0x0000004d6ab00000) (1024K)]
  0x00000224d0347ad0 WorkerThread "G1 Conc#0"                       [id=7260, stack(0x0000004d6ab00000,0x0000004d6ac00000) (1024K)]
  0x00000224e7ebac70 ConcurrentGCThread "G1 Refine#0"               [id=17452, stack(0x0000004d6ac00000,0x0000004d6ad00000) (1024K)]
  0x00000224e7ebb490 ConcurrentGCThread "G1 Service"                [id=10112, stack(0x0000004d6ad00000,0x0000004d6ae00000) (1024K)]
Total: 10

Threads with active compile tasks:
C2 CompilerThread0  2238455 3147       4       java.io.ObjectStreamClass::getReflector (100 bytes)
Total: 1

VM state: not at safepoint (normal execution)

VM Mutex/Monitor currently owned by a thread: None

Heap address: 0x0000000080000000, size: 2048 MB, Compressed Oops mode: 32-bit

CDS archive(s) mapped at: [0x0000022480000000-0x0000022481c00000-0x0000022481c00000), size 29360128, SharedBaseAddress: 0x0000022480000000, ArchiveRelocationMode: 1.
Compressed class space mapped at: 0x0000022482000000-0x00000224c2000000, reserved size: 1073741824
Narrow klass base: 0x0000022480000000, Narrow klass shift: 0, Narrow klass range: 0x100000000

GC Precious Log:
 CardTable entry size: 512
 Card Set container configuration: InlinePtr #cards 5 size 8 Array Of Cards #cards 12 size 40 Howl #buckets 4 coarsen threshold 1843 Howl Bitmap #cards 512 size 80 coarsen threshold 460 Card regions per heap region 1 cards per card region 2048
 CPUs: 4 total, 4 available
 Memory: 7959M
 Large Page Support: Disabled
 NUMA Support: Disabled
 Compressed Oops: Enabled (32-bit)
 Heap Region Size: 1M
 Heap Min Capacity: 128M
 Heap Initial Capacity: 128M
 Heap Max Capacity: 2G
 Pre-touch: Disabled
 Parallel Workers: 4
 Concurrent Workers: 1
 Concurrent Refinement Workers: 4
 Periodic GC: Disabled

Heap:
 garbage-first heap   total 131072K, used 31966K [0x0000000080000000, 0x0000000100000000)
  region size 1024K, 24 young (24576K), 4 survivors (4096K)
 Metaspace       used 9988K, committed 10432K, reserved 1114112K
  class space    used 1134K, committed 1344K, reserved 1048576K

Heap Regions: E=young(eden), S=young(survivor), O=old, HS=humongous(starts), HC=humongous(continues), CS=collection set, F=free, TAMS=top-at-mark-start, PB=parsable bottom
|   0|0x0000000080000000, 0x0000000080100000, 0x0000000080100000|100%|HS|  |TAMS 0x0000000080000000| PB 0x0000000080000000| Complete 
|   1|0x0000000080100000, 0x0000000080200000, 0x0000000080200000|100%|HC|  |TAMS 0x0000000080100000| PB 0x0000000080100000| Complete 
|   2|0x0000000080200000, 0x0000000080300000, 0x0000000080300000|100%|HS|  |TAMS 0x0000000080200000| PB 0x0000000080200000| Complete 
|   3|0x0000000080300000, 0x0000000080400000, 0x0000000080400000|100%|HS|  |TAMS 0x0000000080300000| PB 0x0000000080300000| Complete 
|   4|0x0000000080400000, 0x0000000080500000, 0x0000000080500000|100%| O|  |TAMS 0x0000000080400000| PB 0x0000000080400000| Untracked 
|   5|0x0000000080500000, 0x0000000080600000, 0x0000000080600000|100%| O|  |TAMS 0x0000000080500000| PB 0x0000000080500000| Untracked 
|   6|0x0000000080600000, 0x0000000080700000, 0x0000000080700000|100%| O|  |TAMS 0x0000000080600000| PB 0x0000000080600000| Untracked 
|   7|0x0000000080700000, 0x0000000080800000, 0x0000000080800000|100%| O|  |TAMS 0x0000000080700000| PB 0x0000000080700000| Untracked 
|   8|0x0000000080800000, 0x00000000808adc48, 0x0000000080900000| 67%| O|  |TAMS 0x0000000080800000| PB 0x0000000080800000| Untracked 
|   9|0x0000000080900000, 0x0000000080900000, 0x0000000080a00000|  0%| F|  |TAMS 0x0000000080900000| PB 0x0000000080900000| Untracked 
|  10|0x0000000080a00000, 0x0000000080a00000, 0x0000000080b00000|  0%| F|  |TAMS 0x0000000080a00000| PB 0x0000000080a00000| Untracked 
|  11|0x0000000080b00000, 0x0000000080b00000, 0x0000000080c00000|  0%| F|  |TAMS 0x0000000080b00000| PB 0x0000000080b00000| Untracked 
|  12|0x0000000080c00000, 0x0000000080c00000, 0x0000000080d00000|  0%| F|  |TAMS 0x0000000080c00000| PB 0x0000000080c00000| Untracked 
|  13|0x0000000080d00000, 0x0000000080d00000, 0x0000000080e00000|  0%| F|  |TAMS 0x0000000080d00000| PB 0x0000000080d00000| Untracked 
|  14|0x0000000080e00000, 0x0000000080e00000, 0x0000000080f00000|  0%| F|  |TAMS 0x0000000080e00000| PB 0x0000000080e00000| Untracked 
|  15|0x0000000080f00000, 0x0000000080f00000, 0x0000000081000000|  0%| F|  |TAMS 0x0000000080f00000| PB 0x0000000080f00000| Untracked 
|  16|0x0000000081000000, 0x0000000081000000, 0x0000000081100000|  0%| F|  |TAMS 0x0000000081000000| PB 0x0000000081000000| Untracked 
|  17|0x0000000081100000, 0x0000000081100000, 0x0000000081200000|  0%| F|  |TAMS 0x0000000081100000| PB 0x0000000081100000| Untracked 
|  18|0x0000000081200000, 0x0000000081200000, 0x0000000081300000|  0%| F|  |TAMS 0x0000000081200000| PB 0x0000000081200000| Untracked 
|  19|0x0000000081300000, 0x0000000081300000, 0x0000000081400000|  0%| F|  |TAMS 0x0000000081300000| PB 0x0000000081300000| Untracked 
|  20|0x0000000081400000, 0x0000000081400000, 0x0000000081500000|  0%| F|  |TAMS 0x0000000081400000| PB 0x0000000081400000| Untracked 
|  21|0x0000000081500000, 0x0000000081500000, 0x0000000081600000|  0%| F|  |TAMS 0x0000000081500000| PB 0x0000000081500000| Untracked 
|  22|0x0000000081600000, 0x0000000081600000, 0x0000000081700000|  0%| F|  |TAMS 0x0000000081600000| PB 0x0000000081600000| Untracked 
|  23|0x0000000081700000, 0x0000000081700000, 0x0000000081800000|  0%| F|  |TAMS 0x0000000081700000| PB 0x0000000081700000| Untracked 
|  24|0x0000000081800000, 0x0000000081800000, 0x0000000081900000|  0%| F|  |TAMS 0x0000000081800000| PB 0x0000000081800000| Untracked 
|  25|0x0000000081900000, 0x0000000081900000, 0x0000000081a00000|  0%| F|  |TAMS 0x0000000081900000| PB 0x0000000081900000| Untracked 
|  26|0x0000000081a00000, 0x0000000081a00000, 0x0000000081b00000|  0%| F|  |TAMS 0x0000000081a00000| PB 0x0000000081a00000| Untracked 
|  27|0x0000000081b00000, 0x0000000081b00000, 0x0000000081c00000|  0%| F|  |TAMS 0x0000000081b00000| PB 0x0000000081b00000| Untracked 
|  28|0x0000000081c00000, 0x0000000081c00000, 0x0000000081d00000|  0%| F|  |TAMS 0x0000000081c00000| PB 0x0000000081c00000| Untracked 
|  29|0x0000000081d00000, 0x0000000081d00000, 0x0000000081e00000|  0%| F|  |TAMS 0x0000000081d00000| PB 0x0000000081d00000| Untracked 
|  30|0x0000000081e00000, 0x0000000081e00000, 0x0000000081f00000|  0%| F|  |TAMS 0x0000000081e00000| PB 0x0000000081e00000| Untracked 
|  31|0x0000000081f00000, 0x0000000081f00000, 0x0000000082000000|  0%| F|  |TAMS 0x0000000081f00000| PB 0x0000000081f00000| Untracked 
|  32|0x0000000082000000, 0x0000000082000000, 0x0000000082100000|  0%| F|  |TAMS 0x0000000082000000| PB 0x0000000082000000| Untracked 
|  33|0x0000000082100000, 0x0000000082100000, 0x0000000082200000|  0%| F|  |TAMS 0x0000000082100000| PB 0x0000000082100000| Untracked 
|  34|0x0000000082200000, 0x0000000082200000, 0x0000000082300000|  0%| F|  |TAMS 0x0000000082200000| PB 0x0000000082200000| Untracked 
|  35|0x0000000082300000, 0x0000000082300000, 0x0000000082400000|  0%| F|  |TAMS 0x0000000082300000| PB 0x0000000082300000| Untracked 
|  36|0x0000000082400000, 0x0000000082400000, 0x0000000082500000|  0%| F|  |TAMS 0x0000000082400000| PB 0x0000000082400000| Untracked 
|  37|0x0000000082500000, 0x0000000082500000, 0x0000000082600000|  0%| F|  |TAMS 0x0000000082500000| PB 0x0000000082500000| Untracked 
|  38|0x0000000082600000, 0x0000000082600000, 0x0000000082700000|  0%| F|  |TAMS 0x0000000082600000| PB 0x0000000082600000| Untracked 
|  39|0x0000000082700000, 0x0000000082700000, 0x0000000082800000|  0%| F|  |TAMS 0x0000000082700000| PB 0x0000000082700000| Untracked 
|  40|0x0000000082800000, 0x0000000082800000, 0x0000000082900000|  0%| F|  |TAMS 0x0000000082800000| PB 0x0000000082800000| Untracked 
|  41|0x0000000082900000, 0x0000000082900000, 0x0000000082a00000|  0%| F|  |TAMS 0x0000000082900000| PB 0x0000000082900000| Untracked 
|  42|0x0000000082a00000, 0x0000000082a00000, 0x0000000082b00000|  0%| F|  |TAMS 0x0000000082a00000| PB 0x0000000082a00000| Untracked 
|  43|0x0000000082b00000, 0x0000000082b00000, 0x0000000082c00000|  0%| F|  |TAMS 0x0000000082b00000| PB 0x0000000082b00000| Untracked 
|  44|0x0000000082c00000, 0x0000000082c00000, 0x0000000082d00000|  0%| F|  |TAMS 0x0000000082c00000| PB 0x0000000082c00000| Untracked 
|  45|0x0000000082d00000, 0x0000000082d00000, 0x0000000082e00000|  0%| F|  |TAMS 0x0000000082d00000| PB 0x0000000082d00000| Untracked 
|  46|0x0000000082e00000, 0x0000000082e00000, 0x0000000082f00000|  0%| F|  |TAMS 0x0000000082e00000| PB 0x0000000082e00000| Untracked 
|  47|0x0000000082f00000, 0x0000000082f00000, 0x0000000083000000|  0%| F|  |TAMS 0x0000000082f00000| PB 0x0000000082f00000| Untracked 
|  48|0x0000000083000000, 0x0000000083000000, 0x0000000083100000|  0%| F|  |TAMS 0x0000000083000000| PB 0x0000000083000000| Untracked 
|  49|0x0000000083100000, 0x0000000083100000, 0x0000000083200000|  0%| F|  |TAMS 0x0000000083100000| PB 0x0000000083100000| Untracked 
|  50|0x0000000083200000, 0x0000000083200000, 0x0000000083300000|  0%| F|  |TAMS 0x0000000083200000| PB 0x0000000083200000| Untracked 
|  51|0x0000000083300000, 0x0000000083300000, 0x0000000083400000|  0%| F|  |TAMS 0x0000000083300000| PB 0x0000000083300000| Untracked 
|  52|0x0000000083400000, 0x0000000083400000, 0x0000000083500000|  0%| F|  |TAMS 0x0000000083400000| PB 0x0000000083400000| Untracked 
|  53|0x0000000083500000, 0x0000000083500000, 0x0000000083600000|  0%| F|  |TAMS 0x0000000083500000| PB 0x0000000083500000| Untracked 
|  54|0x0000000083600000, 0x0000000083600000, 0x0000000083700000|  0%| F|  |TAMS 0x0000000083600000| PB 0x0000000083600000| Untracked 
|  55|0x0000000083700000, 0x0000000083700000, 0x0000000083800000|  0%| F|  |TAMS 0x0000000083700000| PB 0x0000000083700000| Untracked 
|  56|0x0000000083800000, 0x0000000083800000, 0x0000000083900000|  0%| F|  |TAMS 0x0000000083800000| PB 0x0000000083800000| Untracked 
|  57|0x0000000083900000, 0x0000000083900000, 0x0000000083a00000|  0%| F|  |TAMS 0x0000000083900000| PB 0x0000000083900000| Untracked 
|  58|0x0000000083a00000, 0x0000000083a00000, 0x0000000083b00000|  0%| F|  |TAMS 0x0000000083a00000| PB 0x0000000083a00000| Untracked 
|  59|0x0000000083b00000, 0x0000000083b00000, 0x0000000083c00000|  0%| F|  |TAMS 0x0000000083b00000| PB 0x0000000083b00000| Untracked 
|  60|0x0000000083c00000, 0x0000000083c00000, 0x0000000083d00000|  0%| F|  |TAMS 0x0000000083c00000| PB 0x0000000083c00000| Untracked 
|  61|0x0000000083d00000, 0x0000000083d00000, 0x0000000083e00000|  0%| F|  |TAMS 0x0000000083d00000| PB 0x0000000083d00000| Untracked 
|  62|0x0000000083e00000, 0x0000000083e89f10, 0x0000000083f00000| 53%| S|CS|TAMS 0x0000000083e00000| PB 0x0000000083e00000| Complete 
|  63|0x0000000083f00000, 0x0000000084000000, 0x0000000084000000|100%| S|CS|TAMS 0x0000000083f00000| PB 0x0000000083f00000| Complete 
|  64|0x0000000084000000, 0x0000000084100000, 0x0000000084100000|100%| S|CS|TAMS 0x0000000084000000| PB 0x0000000084000000| Complete 
|  65|0x0000000084100000, 0x0000000084200000, 0x0000000084200000|100%| S|CS|TAMS 0x0000000084100000| PB 0x0000000084100000| Complete 
|  66|0x0000000084200000, 0x0000000084200000, 0x0000000084300000|  0%| F|  |TAMS 0x0000000084200000| PB 0x0000000084200000| Untracked 
|  67|0x0000000084300000, 0x0000000084300000, 0x0000000084400000|  0%| F|  |TAMS 0x0000000084300000| PB 0x0000000084300000| Untracked 
|  68|0x0000000084400000, 0x0000000084400000, 0x0000000084500000|  0%| F|  |TAMS 0x0000000084400000| PB 0x0000000084400000| Untracked 
|  69|0x0000000084500000, 0x0000000084500000, 0x0000000084600000|  0%| F|  |TAMS 0x0000000084500000| PB 0x0000000084500000| Untracked 
|  70|0x0000000084600000, 0x0000000084600000, 0x0000000084700000|  0%| F|  |TAMS 0x0000000084600000| PB 0x0000000084600000| Untracked 
|  71|0x0000000084700000, 0x0000000084700000, 0x0000000084800000|  0%| F|  |TAMS 0x0000000084700000| PB 0x0000000084700000| Untracked 
|  72|0x0000000084800000, 0x0000000084800000, 0x0000000084900000|  0%| F|  |TAMS 0x0000000084800000| PB 0x0000000084800000| Untracked 
|  73|0x0000000084900000, 0x0000000084900000, 0x0000000084a00000|  0%| F|  |TAMS 0x0000000084900000| PB 0x0000000084900000| Untracked 
|  74|0x0000000084a00000, 0x0000000084a00000, 0x0000000084b00000|  0%| F|  |TAMS 0x0000000084a00000| PB 0x0000000084a00000| Untracked 
|  75|0x0000000084b00000, 0x0000000084b00000, 0x0000000084c00000|  0%| F|  |TAMS 0x0000000084b00000| PB 0x0000000084b00000| Untracked 
|  76|0x0000000084c00000, 0x0000000084c00000, 0x0000000084d00000|  0%| F|  |TAMS 0x0000000084c00000| PB 0x0000000084c00000| Untracked 
|  77|0x0000000084d00000, 0x0000000084d00000, 0x0000000084e00000|  0%| F|  |TAMS 0x0000000084d00000| PB 0x0000000084d00000| Untracked 
|  78|0x0000000084e00000, 0x0000000084e00000, 0x0000000084f00000|  0%| F|  |TAMS 0x0000000084e00000| PB 0x0000000084e00000| Untracked 
|  79|0x0000000084f00000, 0x0000000084f00000, 0x0000000085000000|  0%| F|  |TAMS 0x0000000084f00000| PB 0x0000000084f00000| Untracked 
|  80|0x0000000085000000, 0x0000000085000000, 0x0000000085100000|  0%| F|  |TAMS 0x0000000085000000| PB 0x0000000085000000| Untracked 
|  81|0x0000000085100000, 0x0000000085100000, 0x0000000085200000|  0%| F|  |TAMS 0x0000000085100000| PB 0x0000000085100000| Untracked 
|  82|0x0000000085200000, 0x0000000085200000, 0x0000000085300000|  0%| F|  |TAMS 0x0000000085200000| PB 0x0000000085200000| Untracked 
|  83|0x0000000085300000, 0x0000000085300000, 0x0000000085400000|  0%| F|  |TAMS 0x0000000085300000| PB 0x0000000085300000| Untracked 
|  84|0x0000000085400000, 0x0000000085400000, 0x0000000085500000|  0%| F|  |TAMS 0x0000000085400000| PB 0x0000000085400000| Untracked 
|  85|0x0000000085500000, 0x0000000085500000, 0x0000000085600000|  0%| F|  |TAMS 0x0000000085500000| PB 0x0000000085500000| Untracked 
|  86|0x0000000085600000, 0x0000000085600000, 0x0000000085700000|  0%| F|  |TAMS 0x0000000085600000| PB 0x0000000085600000| Untracked 
|  87|0x0000000085700000, 0x0000000085700000, 0x0000000085800000|  0%| F|  |TAMS 0x0000000085700000| PB 0x0000000085700000| Untracked 
|  88|0x0000000085800000, 0x0000000085800000, 0x0000000085900000|  0%| F|  |TAMS 0x0000000085800000| PB 0x0000000085800000| Untracked 
|  89|0x0000000085900000, 0x0000000085900000, 0x0000000085a00000|  0%| F|  |TAMS 0x0000000085900000| PB 0x0000000085900000| Untracked 
|  90|0x0000000085a00000, 0x0000000085a00000, 0x0000000085b00000|  0%| F|  |TAMS 0x0000000085a00000| PB 0x0000000085a00000| Untracked 
|  91|0x0000000085b00000, 0x0000000085b00000, 0x0000000085c00000|  0%| F|  |TAMS 0x0000000085b00000| PB 0x0000000085b00000| Untracked 
|  92|0x0000000085c00000, 0x0000000085c00000, 0x0000000085d00000|  0%| F|  |TAMS 0x0000000085c00000| PB 0x0000000085c00000| Untracked 
|  93|0x0000000085d00000, 0x0000000085d00000, 0x0000000085e00000|  0%| F|  |TAMS 0x0000000085d00000| PB 0x0000000085d00000| Untracked 
|  94|0x0000000085e00000, 0x0000000085e00000, 0x0000000085f00000|  0%| F|  |TAMS 0x0000000085e00000| PB 0x0000000085e00000| Untracked 
|  95|0x0000000085f00000, 0x0000000085f00000, 0x0000000086000000|  0%| F|  |TAMS 0x0000000085f00000| PB 0x0000000085f00000| Untracked 
|  96|0x0000000086000000, 0x0000000086000000, 0x0000000086100000|  0%| F|  |TAMS 0x0000000086000000| PB 0x0000000086000000| Untracked 
|  97|0x0000000086100000, 0x0000000086100000, 0x0000000086200000|  0%| F|  |TAMS 0x0000000086100000| PB 0x0000000086100000| Untracked 
|  98|0x0000000086200000, 0x0000000086200000, 0x0000000086300000|  0%| F|  |TAMS 0x0000000086200000| PB 0x0000000086200000| Untracked 
|  99|0x0000000086300000, 0x0000000086300000, 0x0000000086400000|  0%| F|  |TAMS 0x0000000086300000| PB 0x0000000086300000| Untracked 
| 100|0x0000000086400000, 0x0000000086400000, 0x0000000086500000|  0%| F|  |TAMS 0x0000000086400000| PB 0x0000000086400000| Untracked 
| 101|0x0000000086500000, 0x0000000086500000, 0x0000000086600000|  0%| F|  |TAMS 0x0000000086500000| PB 0x0000000086500000| Untracked 
| 102|0x0000000086600000, 0x0000000086600000, 0x0000000086700000|  0%| F|  |TAMS 0x0000000086600000| PB 0x0000000086600000| Untracked 
| 103|0x0000000086700000, 0x0000000086700000, 0x0000000086800000|  0%| F|  |TAMS 0x0000000086700000| PB 0x0000000086700000| Untracked 
| 104|0x0000000086800000, 0x0000000086800000, 0x0000000086900000|  0%| F|  |TAMS 0x0000000086800000| PB 0x0000000086800000| Untracked 
| 105|0x0000000086900000, 0x0000000086900000, 0x0000000086a00000|  0%| F|  |TAMS 0x0000000086900000| PB 0x0000000086900000| Untracked 
| 106|0x0000000086a00000, 0x0000000086a00000, 0x0000000086b00000|  0%| F|  |TAMS 0x0000000086a00000| PB 0x0000000086a00000| Untracked 
| 107|0x0000000086b00000, 0x0000000086b00000, 0x0000000086c00000|  0%| F|  |TAMS 0x0000000086b00000| PB 0x0000000086b00000| Untracked 
| 108|0x0000000086c00000, 0x0000000086c74a10, 0x0000000086d00000| 45%| E|  |TAMS 0x0000000086c00000| PB 0x0000000086c00000| Complete 
| 109|0x0000000086d00000, 0x0000000086e00000, 0x0000000086e00000|100%| E|CS|TAMS 0x0000000086d00000| PB 0x0000000086d00000| Complete 
| 110|0x0000000086e00000, 0x0000000086f00000, 0x0000000086f00000|100%| E|CS|TAMS 0x0000000086e00000| PB 0x0000000086e00000| Complete 
| 111|0x0000000086f00000, 0x0000000087000000, 0x0000000087000000|100%| E|CS|TAMS 0x0000000086f00000| PB 0x0000000086f00000| Complete 
| 112|0x0000000087000000, 0x0000000087100000, 0x0000000087100000|100%| E|CS|TAMS 0x0000000087000000| PB 0x0000000087000000| Complete 
| 113|0x0000000087100000, 0x0000000087200000, 0x0000000087200000|100%| E|CS|TAMS 0x0000000087100000| PB 0x0000000087100000| Complete 
| 114|0x0000000087200000, 0x0000000087300000, 0x0000000087300000|100%| E|CS|TAMS 0x0000000087200000| PB 0x0000000087200000| Complete 
| 115|0x0000000087300000, 0x0000000087400000, 0x0000000087400000|100%| E|CS|TAMS 0x0000000087300000| PB 0x0000000087300000| Complete 
| 116|0x0000000087400000, 0x0000000087500000, 0x0000000087500000|100%| E|CS|TAMS 0x0000000087400000| PB 0x0000000087400000| Complete 
| 117|0x0000000087500000, 0x0000000087600000, 0x0000000087600000|100%| E|CS|TAMS 0x0000000087500000| PB 0x0000000087500000| Complete 
| 118|0x0000000087600000, 0x0000000087700000, 0x0000000087700000|100%| E|CS|TAMS 0x0000000087600000| PB 0x0000000087600000| Complete 
| 119|0x0000000087700000, 0x0000000087800000, 0x0000000087800000|100%| E|CS|TAMS 0x0000000087700000| PB 0x0000000087700000| Complete 
| 120|0x0000000087800000, 0x0000000087900000, 0x0000000087900000|100%| E|CS|TAMS 0x0000000087800000| PB 0x0000000087800000| Complete 
| 121|0x0000000087900000, 0x0000000087a00000, 0x0000000087a00000|100%| E|CS|TAMS 0x0000000087900000| PB 0x0000000087900000| Complete 
| 122|0x0000000087a00000, 0x0000000087b00000, 0x0000000087b00000|100%| E|CS|TAMS 0x0000000087a00000| PB 0x0000000087a00000| Complete 
| 123|0x0000000087b00000, 0x0000000087c00000, 0x0000000087c00000|100%| E|CS|TAMS 0x0000000087b00000| PB 0x0000000087b00000| Complete 
| 124|0x0000000087c00000, 0x0000000087d00000, 0x0000000087d00000|100%| E|CS|TAMS 0x0000000087c00000| PB 0x0000000087c00000| Complete 
| 125|0x0000000087d00000, 0x0000000087e00000, 0x0000000087e00000|100%| E|CS|TAMS 0x0000000087d00000| PB 0x0000000087d00000| Complete 
| 126|0x0000000087e00000, 0x0000000087f00000, 0x0000000087f00000|100%| E|CS|TAMS 0x0000000087e00000| PB 0x0000000087e00000| Complete 
| 127|0x0000000087f00000, 0x0000000087fffff8, 0x0000000088000000| 99%| E|CS|TAMS 0x0000000087f00000| PB 0x0000000087f00000| Complete 

Card table byte_map: [0x00000224e3720000,0x00000224e3b20000] _byte_map_base: 0x00000224e3320000

Marking Bits: (CMBitMap*) 0x00000224d0334340
 Bits: [0x00000224e3b20000, 0x00000224e5b20000)

Polling page: 0x00000224ce100000

Metaspace:

Usage:
  Non-class:      8.65 MB used.
      Class:      1.11 MB used.
       Both:      9.75 MB used.

Virtual space:
  Non-class space:       64.00 MB reserved,       8.88 MB ( 14%) committed,  1 nodes.
      Class space:        1.00 GB reserved,       1.31 MB ( <1%) committed,  1 nodes.
             Both:        1.06 GB reserved,      10.19 MB ( <1%) committed. 

Chunk freelists:
   Non-Class:  6.45 MB
       Class:  14.51 MB
        Both:  20.96 MB

MaxMetaspaceSize: unlimited
CompressedClassSpaceSize: 1.00 GB
Initial GC threshold: 21.00 MB
Current GC threshold: 21.00 MB
CDS: on
 - commit_granule_bytes: 65536.
 - commit_granule_words: 8192.
 - virtual_space_node_default_size: 8388608.
 - enlarge_chunks_in_place: 1.
 - use_allocation_guard: 0.


Internal statistics:

num_allocs_failed_limit: 0.
num_arena_births: 564.
num_arena_deaths: 0.
num_vsnodes_births: 2.
num_vsnodes_deaths: 0.
num_space_committed: 163.
num_space_uncommitted: 0.
num_chunks_returned_to_freelist: 0.
num_chunks_taken_from_freelist: 1019.
num_chunk_merges: 0.
num_chunk_splits: 605.
num_chunks_enlarged: 272.
num_inconsistent_stats: 0.

CodeHeap 'non-profiled nmethods': size=120000Kb used=2113Kb max_used=2113Kb free=117886Kb
 bounds [0x00000224dbdf0000, 0x00000224dc060000, 0x00000224e3320000]
CodeHeap 'profiled nmethods': size=120000Kb used=6205Kb max_used=6205Kb free=113794Kb
 bounds [0x00000224d4320000, 0x00000224d4930000, 0x00000224db850000]
CodeHeap 'non-nmethods': size=5760Kb used=1596Kb max_used=1657Kb free=4163Kb
 bounds [0x00000224db850000, 0x00000224dbac0000, 0x00000224dbdf0000]
CodeCache: size=245760Kb, used=9914Kb, max_used=9975Kb, free=235843Kb
 total_blobs=3674, nmethods=3146, adapters=432, full_count=0
Compilation: enabled, stopped_count=0, restarted_count=0

Compilation events (20 events):
Event: 1514.072 Thread 0x00000224e81a8b40 nmethod 3137 0x00000224d492cd90 code [0x00000224d492cf60, 0x00000224d492d308]
Event: 1514.072 Thread 0x00000224e81a8b40 3138   !   3       java.io.ObjectInputStream::readString (20 bytes)
Event: 1514.073 Thread 0x00000224e81a8b40 nmethod 3138 0x00000224d492d490 code [0x00000224d492d660, 0x00000224d492d998]
Event: 1550.151 Thread 0x00000224e81a80a0 3139       4       java.io.ObjectStreamField::isPrimitive (23 bytes)
Event: 1550.163 Thread 0x00000224e81a80a0 nmethod 3139 0x00000224dbffd390 code [0x00000224dbffd520, 0x00000224dbffd650]
Event: 1570.051 Thread 0x00000224e81a80a0 3140       4       sun.rmi.transport.Target::getImpl (11 bytes)
Event: 1570.053 Thread 0x00000224e81a80a0 nmethod 3140 0x00000224dbffd810 code [0x00000224dbffd9a0, 0x00000224dbffdb28]
Event: 1601.380 Thread 0x00000224e81a8b40 3141       3       com.intellij.execution.rmi.IdeaWatchdogImpl::isAlive (38 bytes)
Event: 1601.394 Thread 0x00000224e81a8b40 nmethod 3141 0x00000224d492db10 code [0x00000224d492dd60, 0x00000224d492e700]
Event: 1601.394 Thread 0x00000224e81a8b40 3142       3       java.util.concurrent.atomic.AtomicBoolean::compareAndSet (26 bytes)
Event: 1601.396 Thread 0x00000224e81a8b40 nmethod 3142 0x00000224d492ea90 code [0x00000224d492ecc0, 0x00000224d492f418]
Event: 1667.228 Thread 0x00000224e81a80a0 3143       4       sun.rmi.transport.StreamRemoteCall::<init> (35 bytes)
Event: 1667.244 Thread 0x00000224e81a80a0 nmethod 3143 0x00000224dbffdc10 code [0x00000224dbffdda0, 0x00000224dbffe090]
Event: 1857.159 Thread 0x00000224e81a80a0 3144       4       java.io.DataOutputStream::writeByte (14 bytes)
Event: 1857.234 Thread 0x00000224e81a80a0 nmethod 3144 0x00000224dbffe110 code [0x00000224dbffe340, 0x00000224dbffeb60]
Event: 1887.022 Thread 0x00000224e81a80a0 3145       4       sun.rmi.transport.tcp.TCPConnection::releaseOutputStream (15 bytes)
Event: 1887.024 Thread 0x00000224e81a80a0 nmethod 3145 0x00000224dbfff190 code [0x00000224dbfff320, 0x00000224dbfff410]
Event: 2066.515 Thread 0x00000224e81a80a0 3146   !   4       java.io.ObjectOutputStream::writeOrdinaryObject (196 bytes)
Event: 2066.548 Thread 0x00000224e81a80a0 nmethod 3146 0x00000224dbfff510 code [0x00000224dbfff740, 0x00000224dbfffe60]
Event: 2238.271 Thread 0x00000224e81a80a0 3147       4       java.io.ObjectStreamClass::getReflector (100 bytes)

GC Heap History (6 events):
Event: 0.936 GC heap before
{Heap before GC invocations=0 (full 0):
 garbage-first heap   total 131072K, used 16384K [0x0000000080000000, 0x0000000100000000)
  region size 1024K, 13 young (13312K), 0 survivors (0K)
 Metaspace       used 2888K, committed 3008K, reserved 1114112K
  class space    used 392K, committed 448K, reserved 1048576K
}
Event: 0.948 GC heap after
{Heap after GC invocations=1 (full 0):
 garbage-first heap   total 131072K, used 8094K [0x0000000080000000, 0x0000000100000000)
  region size 1024K, 2 young (2048K), 2 survivors (2048K)
 Metaspace       used 2888K, committed 3008K, reserved 1114112K
  class space    used 392K, committed 448K, reserved 1048576K
}
Event: 1.928 GC heap before
{Heap before GC invocations=1 (full 0):
 garbage-first heap   total 131072K, used 21406K [0x0000000080000000, 0x0000000100000000)
  region size 1024K, 16 young (16384K), 2 survivors (2048K)
 Metaspace       used 7040K, committed 7424K, reserved 1114112K
  class space    used 918K, committed 1088K, reserved 1048576K
}
Event: 1.934 GC heap after
{Heap after GC invocations=2 (full 0):
 garbage-first heap   total 131072K, used 10935K [0x0000000080000000, 0x0000000100000000)
  region size 1024K, 2 young (2048K), 2 survivors (2048K)
 Metaspace       used 7040K, committed 7424K, reserved 1114112K
  class space    used 918K, committed 1088K, reserved 1048576K
}
Event: 535.926 GC heap before
{Heap before GC invocations=2 (full 0):
 garbage-first heap   total 131072K, used 72375K [0x0000000080000000, 0x0000000100000000)
  region size 1024K, 62 young (63488K), 2 survivors (2048K)
 Metaspace       used 9907K, committed 10304K, reserved 1114112K
  class space    used 1126K, committed 1344K, reserved 1048576K
}
Event: 535.935 GC heap after
{Heap after GC invocations=3 (full 0):
 garbage-first heap   total 131072K, used 12510K [0x0000000080000000, 0x0000000100000000)
  region size 1024K, 4 young (4096K), 4 survivors (4096K)
 Metaspace       used 9907K, committed 10304K, reserved 1114112K
  class space    used 1126K, committed 1344K, reserved 1048576K
}

Dll operation events (2 events):
Event: 0.011 Loaded shared library C:\Program Files\JetBrains\GoLand 2025.2.4\jbr\bin\java.dll
Event: 0.054 Loaded shared library C:\Program Files\JetBrains\GoLand 2025.2.4\jbr\bin\zip.dll

Deoptimization events (20 events):
Event: 533.805 Thread 0x00000224e85bd2c0 Uncommon trap: trap_request=0xffffffbe fr.pc=0x00000224dbf68d78 relative=0x0000000000001638
Event: 533.805 Thread 0x00000224e85bd2c0 Uncommon trap: reason=profile_predicate action=maybe_recompile pc=0x00000224dbf68d78 method=java.io.ObjectStreamClass$FieldReflector.getPrimFieldValues(Ljava/lang/Object;[B)V @ 19 c2
Event: 533.805 Thread 0x00000224e85bd2c0 DEOPT PACKING pc=0x00000224dbf68d78 sp=0x0000004d6c2fe270
Event: 533.805 Thread 0x00000224e85bd2c0 DEOPT UNPACKING pc=0x00000224db8a7da2 sp=0x0000004d6c2fe148 mode 2
Event: 533.814 Thread 0x00000224e85bd2c0 Uncommon trap: trap_request=0xffffffbe fr.pc=0x00000224dbf68d78 relative=0x0000000000001638
Event: 533.814 Thread 0x00000224e85bd2c0 Uncommon trap: reason=profile_predicate action=maybe_recompile pc=0x00000224dbf68d78 method=java.io.ObjectStreamClass$FieldReflector.getPrimFieldValues(Ljava/lang/Object;[B)V @ 19 c2
Event: 533.814 Thread 0x00000224e85bd2c0 DEOPT PACKING pc=0x00000224dbf68d78 sp=0x0000004d6c2fe270
Event: 533.814 Thread 0x00000224e85bd2c0 DEOPT UNPACKING pc=0x00000224db8a7da2 sp=0x0000004d6c2fe148 mode 2
Event: 533.825 Thread 0x00000224e85bd2c0 Uncommon trap: trap_request=0xffffffbe fr.pc=0x00000224dbf68d78 relative=0x0000000000001638
Event: 533.825 Thread 0x00000224e85bd2c0 Uncommon trap: reason=profile_predicate action=maybe_recompile pc=0x00000224dbf68d78 method=java.io.ObjectStreamClass$FieldReflector.getPrimFieldValues(Ljava/lang/Object;[B)V @ 19 c2
Event: 533.825 Thread 0x00000224e85bd2c0 DEOPT PACKING pc=0x00000224dbf68d78 sp=0x0000004d6c2fe270
Event: 533.825 Thread 0x00000224e85bd2c0 DEOPT UNPACKING pc=0x00000224db8a7da2 sp=0x0000004d6c2fe148 mode 2
Event: 540.530 Thread 0x00000224e85bd2c0 Uncommon trap: trap_request=0xffffffcc fr.pc=0x00000224dbfd2e54 relative=0x0000000000003bf4
Event: 540.530 Thread 0x00000224e85bd2c0 Uncommon trap: reason=intrinsic_or_type_checked_inlining action=make_not_entrant pc=0x00000224dbfd2e54 method=java.util.ArrayList.toArray([Ljava/lang/Object;)[Ljava/lang/Object; @ 36 c2
Event: 540.530 Thread 0x00000224e85bd2c0 DEOPT PACKING pc=0x00000224dbfd2e54 sp=0x0000004d6c2fe480
Event: 540.530 Thread 0x00000224e85bd2c0 DEOPT UNPACKING pc=0x00000224db8a7da2 sp=0x0000004d6c2fe2e8 mode 2
Event: 562.279 Thread 0x00000224e85bab30 Uncommon trap: trap_request=0xffffff45 fr.pc=0x00000224dbee4bac relative=0x00000000000000ec
Event: 562.279 Thread 0x00000224e85bab30 Uncommon trap: reason=unstable_if action=reinterpret pc=0x00000224dbee4bac method=java.io.BufferedInputStream.implRead()I @ 23 c2
Event: 562.279 Thread 0x00000224e85bab30 DEOPT PACKING pc=0x00000224dbee4bac sp=0x0000004d6c4feb70
Event: 562.279 Thread 0x00000224e85bab30 DEOPT UNPACKING pc=0x00000224db8a7da2 sp=0x0000004d6c4feb20 mode 2

Classes loaded (20 events):
Event: 1.742 Loading class com/sun/crypto/provider/PBKDF2Core done
Event: 1.742 Loading class com/sun/crypto/provider/PBKDF2Core$HmacSHA256 done
Event: 1.743 Loading class javax/crypto/spec/PBEKeySpec
Event: 1.743 Loading class javax/crypto/spec/PBEKeySpec done
Event: 1.743 Loading class com/sun/crypto/provider/PBKDF2KeyImpl
Event: 1.743 Loading class javax/crypto/interfaces/PBEKey
Event: 1.744 Loading class javax/crypto/interfaces/PBEKey done
Event: 1.744 Loading class com/sun/crypto/provider/PBKDF2KeyImpl done
Event: 1.744 Loading class com/sun/crypto/provider/PBKDF2KeyImpl$1
Event: 1.744 Loading class com/sun/crypto/provider/PBKDF2KeyImpl$1 done
Event: 1.860 Loading class java/util/SimpleTimeZone
Event: 1.861 Loading class java/util/SimpleTimeZone done
Event: 1.863 Loading class java/time/LocalDateTime$1
Event: 1.863 Loading class java/time/LocalDateTime$1 done
Event: 1.863 Loading class java/time/chrono/IsoEra
Event: 1.864 Loading class java/time/chrono/Era
Event: 1.864 Loading class java/time/chrono/Era done
Event: 1.864 Loading class java/time/chrono/IsoEra done
Event: 2.260 Loading class java/lang/invoke/BoundMethodHandle$Species_LI
Event: 2.260 Loading class java/lang/invoke/BoundMethodHandle$Species_LI done

Classes unloaded (0 events):
No events

Classes redefined (0 events):
No events

Internal exceptions (20 events):
Event: 2.259 Thread 0x00000224e85bab30 Exception <a 'java/lang/NoSuchMethodError'{0x0000000087b08870}: 'int java.lang.invoke.DirectMethodHandle$Holder.invokeSpecial(java.lang.Object, java.lang.Object, java.lang.Object, int)'> (0x0000000087b08870) 
thrown [s\src\hotspot\share\interpreter\linkResolver.cpp, line 784]
Event: 2.261 Thread 0x00000224e85bab30 Exception <a 'java/lang/NoSuchMethodError'{0x0000000087b1ab10}: 'java.lang.Object java.lang.invoke.DirectMethodHandle$Holder.invokeStatic(java.lang.Object, java.lang.Object, java.lang.Object, java.lang.Object, int)'> (0x0000000087b1ab10) 
thrown [s\src\hotspot\share\interpreter\linkResolver.cpp, line 784]
Event: 2.285 Thread 0x00000224e85bab30 Exception <a 'java/lang/NoSuchMethodError'{0x0000000087b45c28}: 'void java.lang.invoke.DirectMethodHandle$Holder.invokeInterface(java.lang.Object, java.lang.Object, int)'> (0x0000000087b45c28) 
thrown [s\src\hotspot\share\interpreter\linkResolver.cpp, line 784]
Event: 2.286 Thread 0x00000224e85bab30 Exception <a 'java/lang/NoSuchMethodError'{0x0000000087b49ab0}: 'void java.lang.invoke.DelegatingMethodHandle$Holder.reinvoke_L(java.lang.Object, java.lang.Object, int)'> (0x0000000087b49ab0) 
thrown [s\src\hotspot\share\interpreter\linkResolver.cpp, line 784]
Event: 2.443 Thread 0x00000224e85bab30 Exception <a 'java/lang/NoSuchMethodError'{0x0000000087934bc0}: 'java.lang.Object java.lang.invoke.DirectMethodHandle$Holder.invokeInterface(java.lang.Object, java.lang.Object, int)'> (0x0000000087934bc0) 
thrown [s\src\hotspot\share\interpreter\linkResolver.cpp, line 784]
Event: 2.458 Thread 0x00000224e85bab30 Exception <a 'java/lang/NoSuchMethodError'{0x00000000879814a0}: static [Ljava/lang/Object;.<clinit>()V> (0x00000000879814a0) 
thrown [s\src\hotspot\share\prims\jni.cpp, line 1144]
Event: 2.521 Thread 0x00000224e85bab30 Exception <a 'java/lang/NoSuchMethodError'{0x0000000087877048}: static Lcom/intellij/database/remote/jdba/core/ConnectionInfo;.<clinit>()V> (0x0000000087877048) 
thrown [s\src\hotspot\share\prims\jni.cpp, line 1144]
Event: 2.522 Thread 0x00000224e85bab30 Exception <a 'java/lang/NoSuchMethodError'{0x0000000087881b70}: static Ljava/lang/Object;.<clinit>()V> (0x0000000087881b70) 
thrown [s\src\hotspot\share\prims\jni.cpp, line 1144]
Event: 2.522 Thread 0x00000224e85bab30 Exception <a 'java/lang/NoSuchMethodError'{0x0000000087886150}: static [I.<clinit>()V> (0x0000000087886150) 
thrown [s\src\hotspot\share\prims\jni.cpp, line 1144]
Event: 2.553 Thread 0x00000224e85bab30 Exception <a 'java/lang/NoSuchMethodError'{0x00000000878aa658}: 'java.lang.Object java.lang.invoke.DirectMethodHandle$Holder.invokeInterface(java.lang.Object, java.lang.Object, java.lang.Object, java.lang.Object)'> (0x00000000878aa658) 
thrown [s\src\hotspot\share\interpreter\linkResolver.cpp, line 784]
Event: 2.627 Thread 0x00000224e85bab30 Exception <a 'java/lang/NoSuchMethodError'{0x00000000877af4c8}: static Lcom/intellij/database/remote/jdba/core/ResultLayout;.<clinit>()V> (0x00000000877af4c8) 
thrown [s\src\hotspot\share\prims\jni.cpp, line 1144]
Event: 2.629 Thread 0x00000224e85bab30 Exception <a 'java/lang/NoSuchMethodError'{0x00000000877bc690}: static Lcom/intellij/database/remote/jdba/core/RowLayout;.<clinit>()V> (0x00000000877bc690) 
thrown [s\src\hotspot\share\prims\jni.cpp, line 1144]
Event: 2.631 Thread 0x00000224e85bab30 Exception <a 'java/lang/NoSuchMethodError'{0x00000000877ca9a8}: static Lcom/intellij/database/remote/jdba/util/NameAndClass;.<clinit>()V> (0x00000000877ca9a8) 
thrown [s\src\hotspot\share\prims\jni.cpp, line 1144]
Event: 2.632 Thread 0x00000224e85bab30 Exception <a 'java/lang/NoSuchMethodError'{0x00000000877cd6b8}: 'java.lang.Object java.lang.invoke.DirectMethodHandle$Holder.invokeInterface(java.lang.Object, java.lang.Object, int, java.lang.Object)'> (0x00000000877cd6b8) 
thrown [s\src\hotspot\share\interpreter\linkResolver.cpp, line 784]
Event: 2.633 Thread 0x00000224e85bab30 Exception <a 'java/lang/NoSuchMethodError'{0x00000000877d1858}: 'java.lang.Object java.lang.invoke.DirectMethodHandle$Holder.invokeSpecial(java.lang.Object, java.lang.Object, java.lang.Object, int, java.lang.Object)'> (0x00000000877d1858) 
thrown [s\src\hotspot\share\interpreter\linkResolver.cpp, line 784]
Event: 8.795 Thread 0x00000224e85bab30 Exception <a 'java/lang/NoSuchMethodError'{0x000000008710ac48}: static [Ljava/lang/String;.<clinit>()V> (0x000000008710ac48) 
thrown [s\src\hotspot\share\prims\jni.cpp, line 1144]
Event: 14.978 Thread 0x00000224e85be670 Exception <a 'java/lang/NoSuchMethodError'{0x0000000085fbc828}: static [J.<clinit>()V> (0x0000000085fbc828) 
thrown [s\src\hotspot\share\prims\jni.cpp, line 1144]
Event: 301.230 Thread 0x00000224e85bd950 Implicit null exception at 0x00000224dbf171e2 to 0x00000224dbf1755c
Event: 532.469 Thread 0x00000224e85bab30 Implicit null exception at 0x00000224dbe80e27 to 0x00000224dbe817f4
Event: 532.486 Thread 0x00000224e85bab30 Implicit null exception at 0x00000224dbe987de to 0x00000224dbea1ed4

ZGC Phase Switch (0 events):
No events

VM Operations (20 events):
Event: 540.938 Executing VM operation: Cleanup
Event: 540.939 Executing VM operation: Cleanup done
Event: 541.353 Executing VM operation: HandshakeAllThreads (HandshakeForDeflation)
Event: 541.353 Executing VM operation: HandshakeAllThreads (HandshakeForDeflation) done
Event: 541.353 Executing VM operation: RendezvousGCThreads
Event: 541.353 Executing VM operation: RendezvousGCThreads done
Event: 562.378 Executing VM operation: Cleanup
Event: 562.378 Executing VM operation: Cleanup done
Event: 601.397 Executing VM operation: Cleanup
Event: 601.397 Executing VM operation: Cleanup done
Event: 603.398 Executing VM operation: Cleanup
Event: 603.398 Executing VM operation: Cleanup done
Event: 833.981 Executing VM operation: Cleanup
Event: 833.981 Executing VM operation: Cleanup done
Event: 989.091 Executing VM operation: Cleanup
Event: 989.091 Executing VM operation: Cleanup done
Event: 1090.218 Executing VM operation: Cleanup
Event: 1090.219 Executing VM operation: Cleanup done
Event: 1203.492 Executing VM operation: Cleanup
Event: 1203.492 Executing VM operation: Cleanup done

Memory protections (0 events):
No events

Nmethod flushes (0 events):
No events

Events (20 events):
Event: 536.023 Thread 0x00000224ee9fb340 Thread exited: 0x00000224ee9fb340
Event: 536.024 Thread 0x00000224e8beaf90 Thread exited: 0x00000224e8beaf90
Event: 536.024 Thread 0x00000224e8bec340 Thread exited: 0x00000224e8bec340
Event: 536.026 Thread 0x00000224e8bea270 Thread exited: 0x00000224e8bea270
Event: 536.029 Thread 0x00000224ed4c3810 Thread exited: 0x00000224ed4c3810
Event: 536.032 Thread 0x00000224ed4c4530 Thread exited: 0x00000224ed4c4530
Event: 536.032 Thread 0x00000224ed4c58e0 Thread exited: 0x00000224ed4c58e0
Event: 536.033 Thread 0x00000224ed4c6600 Thread exited: 0x00000224ed4c6600
Event: 536.035 Thread 0x00000224ee9f5760 Thread exited: 0x00000224ee9f5760
Event: 536.036 Thread 0x00000224ee9f8550 Thread exited: 0x00000224ee9f8550
Event: 536.038 Thread 0x00000224e81a8b40 Thread added: 0x00000224ee10f880
Event: 536.038 Thread 0x00000224e8be9be0 Thread exited: 0x00000224e8be9be0
Event: 536.039 Thread 0x00000224e8bebcb0 Thread exited: 0x00000224e8bebcb0
Event: 536.041 Thread 0x00000224e8bea900 Thread exited: 0x00000224e8bea900
Event: 537.891 Thread 0x00000224ee10f880 Thread exited: 0x00000224ee10f880
Event: 537.894 Thread 0x00000224e85bd2c0 Thread added: 0x00000224e85bb880
Event: 537.927 Thread 0x00000224e85bb880 Thread exited: 0x00000224e85bb880
Event: 562.509 Thread 0x00000224e85bb1f0 Thread exited: 0x00000224e85bb1f0
Event: 622.281 Thread 0x00000224e85be670 Thread exited: 0x00000224e85be670
Event: 622.281 Thread 0x00000224e85bab30 Thread exited: 0x00000224e85bab30


Dynamic libraries:
0x00007ff75a370000 - 0x00007ff75a37a000 	C:\Program Files\JetBrains\GoLand 2025.2.4\jbr\bin\java.exe
0x00007ff811200000 - 0x00007ff811467000 	C:\WINDOWS\SYSTEM32\ntdll.dll
0x00007ff8106f0000 - 0x00007ff8107b9000 	C:\WINDOWS\System32\KERNEL32.DLL
0x00007ff80eb70000 - 0x00007ff80ef61000 	C:\WINDOWS\System32\KERNELBASE.dll
0x00007ff80e120000 - 0x00007ff80e26b000 	C:\WINDOWS\System32\ucrtbase.dll
0x00007ff80ac30000 - 0x00007ff80ac4b000 	C:\Program Files\JetBrains\GoLand 2025.2.4\jbr\bin\VCRUNTIME140.dll
0x00007ff808db0000 - 0x00007ff808dc8000 	C:\Program Files\JetBrains\GoLand 2025.2.4\jbr\bin\jli.dll
0x00007ff80f6b0000 - 0x00007ff80f875000 	C:\WINDOWS\System32\USER32.dll
0x00007ff80ef70000 - 0x00007ff80ef97000 	C:\WINDOWS\System32\win32u.dll
0x00007fffed880000 - 0x00007fffedb13000 	C:\WINDOWS\WinSxS\amd64_microsoft.windows.common-controls_6595b64144ccf1df_6.0.26100.8037_none_3e092faae333b53b\COMCTL32.dll
0x00007ff80fb40000 - 0x00007ff80fb6b000 	C:\WINDOWS\System32\GDI32.dll
0x00007ff80efa0000 - 0x00007ff80f049000 	C:\WINDOWS\System32\msvcrt.dll
0x00007ff80dff0000 - 0x00007ff80e11b000 	C:\WINDOWS\System32\gdi32full.dll
0x00007ff80db90000 - 0x00007ff80dc33000 	C:\WINDOWS\System32\msvcp_win.dll
0x00007ff80f050000 - 0x00007ff80f081000 	C:\WINDOWS\System32\IMM32.DLL
0x00007ff80ac50000 - 0x00007ff80ac5c000 	C:\Program Files\JetBrains\GoLand 2025.2.4\jbr\bin\vcruntime140_1.dll
0x00007ff808d20000 - 0x00007ff808dad000 	C:\Program Files\JetBrains\GoLand 2025.2.4\jbr\bin\msvcp140.dll
0x00007fff6d230000 - 0x00007fff6dffb000 	C:\Program Files\JetBrains\GoLand 2025.2.4\jbr\bin\server\jvm.dll
0x00007ff810f70000 - 0x00007ff81102b000 	C:\WINDOWS\System32\ADVAPI32.dll
0x00007ff80f3b0000 - 0x00007ff80f457000 	C:\WINDOWS\System32\sechost.dll
0x00007ff80f590000 - 0x00007ff80f6a8000 	C:\WINDOWS\System32\RPCRT4.dll
0x00007ff80fb70000 - 0x00007ff80fbe4000 	C:\WINDOWS\System32\WS2_32.dll
0x00007ff80d960000 - 0x00007ff80d9be000 	C:\WINDOWS\SYSTEM32\POWRPROF.dll
0x00007ffff8750000 - 0x00007ffff8785000 	C:\WINDOWS\SYSTEM32\WINMM.dll
0x00007ff802900000 - 0x00007ff80290b000 	C:\WINDOWS\SYSTEM32\VERSION.dll
0x00007ff80d940000 - 0x00007ff80d954000 	C:\WINDOWS\SYSTEM32\UMPDC.dll
0x00007ff80c830000 - 0x00007ff80c84b000 	C:\WINDOWS\SYSTEM32\kernel.appcore.dll
0x00007ff80abe0000 - 0x00007ff80abea000 	C:\Program Files\JetBrains\GoLand 2025.2.4\jbr\bin\jimage.dll
0x00007ff80b8c0000 - 0x00007ff80bb02000 	C:\WINDOWS\SYSTEM32\DBGHELP.DLL
0x00007ff80fbf0000 - 0x00007ff80ff72000 	C:\WINDOWS\System32\combase.dll
0x00007ff80f880000 - 0x00007ff80f957000 	C:\WINDOWS\System32\OLEAUT32.dll
0x00007fffe00c0000 - 0x00007fffe00fb000 	C:\WINDOWS\SYSTEM32\dbgcore.DLL
0x00007ff80dae0000 - 0x00007ff80db85000 	C:\WINDOWS\System32\bcryptPrimitives.dll
0x00007ff80a780000 - 0x00007ff80a7a0000 	C:\Program Files\JetBrains\GoLand 2025.2.4\jbr\bin\java.dll
0x00007ff80ff80000 - 0x00007ff8106df000 	C:\WINDOWS\System32\SHELL32.dll
0x00007ff80dc40000 - 0x00007ff80ddaa000 	C:\WINDOWS\System32\wintypes.dll
0x00007ff80e270000 - 0x00007ff80ead4000 	C:\WINDOWS\System32\windows.storage.dll
0x00007ff8110c0000 - 0x00007ff8111b7000 	C:\WINDOWS\System32\SHCORE.dll
0x00007ff80f2b0000 - 0x00007ff80f317000 	C:\WINDOWS\System32\shlwapi.dll
0x00007ff80da00000 - 0x00007ff80da29000 	C:\WINDOWS\SYSTEM32\profapi.dll
0x00007ff8090e0000 - 0x00007ff8090f8000 	C:\Program Files\JetBrains\GoLand 2025.2.4\jbr\bin\zip.dll
0x00007ff80a770000 - 0x00007ff80a780000 	C:\Program Files\JetBrains\GoLand 2025.2.4\jbr\bin\net.dll
0x00007ff801cc0000 - 0x00007ff801de7000 	C:\WINDOWS\SYSTEM32\WINHTTP.dll
0x00007ff80cd80000 - 0x00007ff80cdeb000 	C:\WINDOWS\system32\mswsock.dll
0x00007ffffc7b0000 - 0x00007ffffc7c6000 	C:\Program Files\JetBrains\GoLand 2025.2.4\jbr\bin\nio.dll
0x00007ff80c190000 - 0x00007ff80c1c3000 	C:\WINDOWS\SYSTEM32\IPHLPAPI.DLL
0x00007ff80f320000 - 0x00007ff80f32a000 	C:\WINDOWS\System32\NSI.dll
0x00007ff80d180000 - 0x00007ff80d19b000 	C:\WINDOWS\SYSTEM32\CRYPTSP.dll
0x00007ff80c790000 - 0x00007ff80c7c9000 	C:\WINDOWS\system32\rsaenh.dll
0x00007ff80ce30000 - 0x00007ff80ce62000 	C:\WINDOWS\SYSTEM32\USERENV.dll
0x00007ff80d9d0000 - 0x00007ff80d9fa000 	C:\WINDOWS\SYSTEM32\bcrypt.dll
0x00007ff80cfe0000 - 0x00007ff80cfec000 	C:\WINDOWS\SYSTEM32\CRYPTBASE.dll
0x00007ffffc780000 - 0x00007ffffc789000 	C:\Program Files\JetBrains\GoLand 2025.2.4\jbr\bin\extnet.dll
0x00007ff808d10000 - 0x00007ff808d17000 	C:\Program Files\JetBrains\GoLand 2025.2.4\jbr\bin\rmi.dll
0x00007ff80c310000 - 0x00007ff80c43a000 	C:\WINDOWS\SYSTEM32\DNSAPI.dll
0x00007ffff9ed0000 - 0x00007ffff9edb000 	C:\Windows\System32\rasadhlp.dll
0x00007ff800e60000 - 0x00007ff800ee6000 	C:\WINDOWS\System32\fwpuclnt.dll
0x00007fffd62b0000 - 0x00007fffd62b9000 	C:\Program Files\JetBrains\GoLand 2025.2.4\jbr\bin\management.dll
0x00007fffd2f70000 - 0x00007fffd2f7b000 	C:\Program Files\JetBrains\GoLand 2025.2.4\jbr\bin\management_ext.dll
0x00007ff80f2a0000 - 0x00007ff80f2a8000 	C:\WINDOWS\System32\PSAPI.DLL

JVMTI agents: none

dbghelp: loaded successfully - version: 4.0.5 - missing functions: none
symbol engine: initialized successfully - sym options: 0x614 - pdb path: .;C:\Program Files\JetBrains\GoLand 2025.2.4\jbr\bin;C:\WINDOWS\SYSTEM32;C:\WINDOWS\WinSxS\amd64_microsoft.windows.common-controls_6595b64144ccf1df_6.0.26100.8037_none_3e092faae333b53b;C:\Program Files\JetBrains\GoLand 2025.2.4\jbr\bin\server

VM Arguments:
jvm_args: -Djava.rmi.server.hostname=127.0.0.1 -Duser.timezone=UTC -Xmx2048m -Xms128m -Djdbc.classpath=C:\Users\aniar\AppData\Local\Temp\RemoteDriver2.classpath.txt --add-exports=java.desktop/sun.awt=ALL-UNNAMED --add-exports=java.desktop/java.awt.peer=ALL-UNNAMED --add-opens=java.desktop/java.awt=ALL-UNNAMED --add-opens=jdk.unsupported/sun.misc=ALL-UNNAMED --add-opens=java.base/java.nio=ALL-UNNAMED --add-opens=java.base/java.util=ALL-UNNAMED -Dfile.encoding=UTF-8 -Dsun.stdout.encoding=UTF-8 -Dsun.stderr.encoding=UTF-8 
java_command: com.intellij.database.remote.RemoteJdbcServer org.postgresql.Driver
java_class_path (initial): C:\Program Files\JetBrains\GoLand 2025.2.4\lib\util_rt.jar;C:\Program Files\JetBrains\GoLand 2025.2.4\lib\util-8.jar;C:\Program Files\JetBrains\GoLand 2025.2.4\lib\groovy.jar;C:\Program Files\JetBrains\GoLand 2025.2.4\plugins\DatabaseTools\lib\jdbc-console.jar;C:\Program Files\JetBrains\GoLand 2025.2.4\lib\modules\intellij.grid.types.jar;C:\Program Files\JetBrains\GoLand 2025.2.4\lib\util.jar;C:\Program Files\JetBrains\GoLand 2025.2.4\lib\bouncy-castle.jar
Launcher Type: SUN_STANDARD

[Global flags]
     intx CICompilerCount                          = 3                                         {product} {ergonomic}
     uint ConcGCThreads                            = 1                                         {product} {ergonomic}
     uint G1ConcRefinementThreads                  = 4                                         {product} {ergonomic}
   size_t G1HeapRegionSize                         = 1048576                                   {product} {ergonomic}
    uintx GCDrainStackTargetSize                   = 64                                        {product} {ergonomic}
   size_t InitialHeapSize                          = 134217728                                 {product} {command line}
   size_t MarkStackSize                            = 4194304                                   {product} {ergonomic}
   size_t MaxHeapSize                              = 2147483648                                {product} {command line}
   size_t MaxNewSize                               = 1287651328                                {product} {ergonomic}
   size_t MinHeapDeltaBytes                        = 1048576                                   {product} {ergonomic}
   size_t MinHeapSize                              = 134217728                                 {product} {command line}
    uintx NonNMethodCodeHeapSize                   = 5832780                                {pd product} {ergonomic}
    uintx NonProfiledCodeHeapSize                  = 122912730                              {pd product} {ergonomic}
    uintx ProfiledCodeHeapSize                     = 122912730                              {pd product} {ergonomic}
    uintx ReservedCodeCacheSize                    = 251658240                              {pd product} {ergonomic}
     bool SegmentedCodeCache                       = true                                      {product} {ergonomic}
   size_t SoftMaxHeapSize                          = 2147483648                             {manageable} {ergonomic}
     bool UseCompressedOops                        = true                           {product lp64_product} {ergonomic}
     bool UseG1GC                                  = true                                      {product} {ergonomic}
     bool UseLargePagesIndividualAllocation        = false                                  {pd product} {ergonomic}

Logging:
Log output configuration:
 #0: stdout all=warning uptime,level,tags foldmultilines=false
 #1: stderr all=off uptime,level,tags foldmultilines=false

Environment Variables:
PATH=C:\WINDOWS\system32;C:\WINDOWS;C:\WINDOWS\System32\Wbem;C:\WINDOWS\System32\WindowsPowerShell\v1.0\;C:\WINDOWS\System32\OpenSSH\;C:\Program Files\dotnet\;C:\Program Files (x86)\Microsoft SQL Server\160\Tools\Binn\;C:\Program Files\Microsoft SQL Server\160\Tools\Binn\;C:\Program Files\Microsoft SQL Server\Client SDK\ODBC\170\Tools\Binn\;C:\Program Files\Microsoft SQL Server\160\DTS\Binn\;C:\Program Files (x86)\CryptoTech\CryptoCard\;C:\Program Files\CryptoTech\CryptoCard\;C:\Program Files (x86)\Microsoft SQL Server\160\DTS\Binn\;C:\Program Files\Go\bin;C:\Program Files\Git\cmd;C:\Program Files\PostgreSQL\18\bin;C:\Program Files\Tesseract-OCR;C:\Program Files\nodejs\;C:\Users\aniar\AppData\Local\Microsoft\WindowsApps;C:\Program Files\Azure Data Studio\bin;C:\Users\aniar\AppData\Local\Programs\Microsoft VS Code\bin;C:\MinGW\bin;C:\Users\aniar\go\bin;C:\Program Files\JetBrains\GoLand 2025.1.3\bin;C:\Users\aniar\AppData\Local\JetBrains\Toolbox\scripts;C:\Program Files\JetBrains\GoLand 2025.2.4\bin;C:\Users\aniar\AppData\Roaming\npm
USERNAME=aniar
OS=Windows_NT
PROCESSOR_IDENTIFIER=Intel64 Family 6 Model 126 Stepping 5, GenuineIntel
TMP=C:\Users\aniar\AppData\Local\Temp
TEMP=C:\Users\aniar\AppData\Local\Temp




Periodic native trim disabled

JNI global refs:
JNI global refs: 17, weak refs: 0

JNI global refs memory usage: 835, weak refs: 833

Process memory usage:
Resident Set Size: 17648K (0% of 8150356K total physical memory with 668760K free physical memory)

OOME stack traces (most recent first):
Classloader memory used:
Loader bootstrap                                                                       : 4062K
Loader jdk.internal.loader.ClassLoaders$AppClassLoader                                 : 3535K
Loader com.intellij.database.remote.jdbc.impl.JdbcClassLoader$JdbcClassLoaderImpl      : 1891K
Loader jdk.internal.loader.ClassLoaders$PlatformClassLoader                            : 343K
Loader jdk.internal.reflect.DelegatingClassLoader                                      : 154K

---------------  S Y S T E M  ---------------

OS:
 Windows 11 , 64 bit Build 26100 (10.0.26100.7920)
OS uptime: 0 days 0:59 hours
Hyper-V role detected

CPU: total 4 (initial active 4) (2 cores per cpu, 2 threads per core) family 6 model 126 stepping 5 microcode 0xc2, cx8, cmov, fxsr, ht, mmx, 3dnowpref, sse, sse2, sse3, ssse3, sse4.1, sse4.2, popcnt, lzcnt, tsc, tscinvbit, avx, avx2, aes, erms, clmul, bmi1, bmi2, adx, avx512f, avx512dq, avx512cd, avx512bw, avx512vl, sha, fma, vzeroupper, avx512_vpopcntdq, avx512_vpclmulqdq, avx512_vaes, avx512_vnni, clflush, clflushopt, avx512_vbmi2, avx512_vbmi, hv, rdtscp, rdpid, fsrm, gfni, avx512_bitalg, f16c, avx512_ifma
Processor Information for the first 4 processors :
  Max Mhz: 1190, Current Mhz: 1190, Mhz Limit: 1190

Memory: 4k page, system-wide physical 7959M (637M free)
TotalPageFile size 16151M (AvailPageFile size 2M)
current process WorkingSet (physical memory assigned to process): 26M, peak: 143M
current process commit charge ("private bytes"): 240M, peak: 273M

vm_info: OpenJDK 64-Bit Server VM (21.0.8+1-b1038.73) for windows-amd64 JRE (21.0.8+1-b1038.73), built on 2025-09-24 by "builduser" with MS VC++ 16.10 / 16.11 (VS2019)

END.
